0 verbose cli /usr/local/Cellar/node/24.7.0/bin/node /usr/local/bin/npm
1 info using npm@11.6.4
2 info using node@v24.7.0
3 silly config load:file:/usr/local/lib/node_modules/npm/npmrc
4 silly config load:file:/Users/quentingeczy/Desktop/Silverstone-AI-Site/silverstone-site/.npmrc
5 silly config load:file:/Users/quentingeczy/.npmrc
6 silly config load:file:/usr/local/etc/npmrc
7 verbose title npm ci
8 verbose argv "ci"
9 verbose logfile logs-max:10 dir:/Users/quentingeczy/Desktop/Silverstone-AI-Site/silverstone-site/.npm-cache/_logs/2025-12-16T00_07_34_883Z-
10 verbose logfile /Users/quentingeczy/Desktop/Silverstone-AI-Site/silverstone-site/.npm-cache/_logs/2025-12-16T00_07_34_883Z-debug-0.log
11 silly logfile done cleaning log files
12 silly packumentCache heap:2348810240 maxSize:587202560 maxEntrySize:293601280
13 silly idealTree buildDeps
14 silly reify moves {}
15 silly audit bulk request {
15 silly audit   b4a: [ '1.7.3' ],
15 silly audit   'bare-events': [ '2.8.2' ],
15 silly audit   'bare-fs': [ '4.5.1' ],
15 silly audit   'bare-os': [ '3.6.2' ],
15 silly audit   'bare-path': [ '3.0.0' ],
15 silly audit   'bare-stream': [ '2.7.0' ],
15 silly audit   'bare-url': [ '2.3.2' ],
15 silly audit   'base64-js': [ '1.5.1' ],
15 silly audit   bl: [ '4.1.0' ],
15 silly audit   buffer: [ '5.7.1' ],
15 silly audit   chownr: [ '1.1.4' ],
15 silly audit   color: [ '4.2.3' ],
15 silly audit   'color-convert': [ '2.0.1' ],
15 silly audit   'color-name': [ '1.1.4' ],
15 silly audit   'color-string': [ '1.9.1' ],
15 silly audit   'decompress-response': [ '6.0.0' ],
15 silly audit   'deep-extend': [ '0.6.0' ],
15 silly audit   'detect-libc': [ '2.1.2' ],
15 silly audit   'end-of-stream': [ '1.4.5' ],
15 silly audit   'events-universal': [ '1.0.1' ],
15 silly audit   'expand-template': [ '2.0.3' ],
15 silly audit   'fast-fifo': [ '1.3.2' ],
15 silly audit   'fs-constants': [ '1.0.0' ],
15 silly audit   'github-from-package': [ '0.0.0' ],
15 silly audit   ieee754: [ '1.2.1' ],
15 silly audit   inherits: [ '2.0.4' ],
15 silly audit   ini: [ '1.3.8' ],
15 silly audit   'is-arrayish': [ '0.3.4' ],
15 silly audit   'mimic-response': [ '3.1.0' ],
15 silly audit   minimist: [ '1.2.8' ],
15 silly audit   'mkdirp-classic': [ '0.5.3' ],
15 silly audit   'napi-build-utils': [ '2.0.0' ],
15 silly audit   'node-abi': [ '3.85.0' ],
15 silly audit   'node-addon-api': [ '6.1.0' ],
15 silly audit   once: [ '1.4.0' ],
15 silly audit   'prebuild-install': [ '7.1.3' ],
15 silly audit   'tar-fs': [ '2.1.4', '3.1.1' ],
15 silly audit   'tar-stream': [ '2.2.0', '3.1.7' ],
15 silly audit   prettier: [ '3.7.4' ],
15 silly audit   pump: [ '3.0.3' ],
15 silly audit   rc: [ '1.2.8' ],
15 silly audit   'readable-stream': [ '3.6.2' ],
15 silly audit   'safe-buffer': [ '5.2.1' ],
15 silly audit   semver: [ '7.7.3' ],
15 silly audit   sharp: [ '0.32.6' ],
15 silly audit   'simple-concat': [ '1.0.1' ],
15 silly audit   'simple-get': [ '4.0.1' ],
15 silly audit   'simple-swizzle': [ '0.2.4' ],
15 silly audit   streamx: [ '2.23.0' ],
15 silly audit   string_decoder: [ '1.3.0' ],
15 silly audit   'strip-json-comments': [ '2.0.1' ],
15 silly audit   'text-decoder': [ '1.2.3' ],
15 silly audit   'tunnel-agent': [ '0.6.0' ],
15 silly audit   'util-deprecate': [ '1.0.2' ],
15 silly audit   wrappy: [ '1.0.2' ]
15 silly audit }
16 http cache wrappy@https://registry.npmjs.org/wrappy/-/wrappy-1.0.2.tgz 1ms (cache hit)
17 http cache tunnel-agent@https://registry.npmjs.org/tunnel-agent/-/tunnel-agent-0.6.0.tgz 0ms (cache hit)
18 http cache util-deprecate@https://registry.npmjs.org/util-deprecate/-/util-deprecate-1.0.2.tgz 0ms (cache hit)
19 http cache tar-stream@https://registry.npmjs.org/tar-stream/-/tar-stream-3.1.7.tgz 0ms (cache hit)
20 http cache text-decoder@https://registry.npmjs.org/text-decoder/-/text-decoder-1.2.3.tgz 0ms (cache hit)
21 http cache strip-json-comments@https://registry.npmjs.org/strip-json-comments/-/strip-json-comments-2.0.1.tgz 0ms (cache hit)
22 http cache tar-fs@https://registry.npmjs.org/tar-fs/-/tar-fs-3.1.1.tgz 0ms (cache hit)
23 http cache simple-swizzle@https://registry.npmjs.org/simple-swizzle/-/simple-swizzle-0.2.4.tgz 0ms (cache hit)
24 http cache streamx@https://registry.npmjs.org/streamx/-/streamx-2.23.0.tgz 3ms (cache hit)
25 http cache string_decoder@https://registry.npmjs.org/string_decoder/-/string_decoder-1.3.0.tgz 0ms (cache hit)
26 http cache simple-concat@https://registry.npmjs.org/simple-concat/-/simple-concat-1.0.1.tgz 0ms (cache hit)
27 http cache semver@https://registry.npmjs.org/semver/-/semver-7.7.3.tgz 0ms (cache hit)
28 http cache sharp@https://registry.npmjs.org/sharp/-/sharp-0.32.6.tgz 0ms (cache hit)
29 http cache readable-stream@https://registry.npmjs.org/readable-stream/-/readable-stream-3.6.2.tgz 1ms (cache hit)
30 http cache simple-get@https://registry.npmjs.org/simple-get/-/simple-get-4.0.1.tgz 0ms (cache hit)
31 http cache safe-buffer@https://registry.npmjs.org/safe-buffer/-/safe-buffer-5.2.1.tgz 0ms (cache hit)
32 http cache rc@https://registry.npmjs.org/rc/-/rc-1.2.8.tgz 0ms (cache hit)
33 http cache pump@https://registry.npmjs.org/pump/-/pump-3.0.3.tgz 0ms (cache hit)
34 http cache prebuild-install@https://registry.npmjs.org/prebuild-install/-/prebuild-install-7.1.3.tgz 0ms (cache hit)
35 http cache prettier@https://registry.npmjs.org/prettier/-/prettier-3.7.4.tgz 0ms (cache hit)
36 http cache once@https://registry.npmjs.org/once/-/once-1.4.0.tgz 0ms (cache hit)
37 http cache node-abi@https://registry.npmjs.org/node-abi/-/node-abi-3.85.0.tgz 0ms (cache hit)
38 http cache napi-build-utils@https://registry.npmjs.org/napi-build-utils/-/napi-build-utils-2.0.0.tgz 0ms (cache hit)
39 http cache node-addon-api@https://registry.npmjs.org/node-addon-api/-/node-addon-api-6.1.0.tgz 0ms (cache hit)
40 http cache mkdirp-classic@https://registry.npmjs.org/mkdirp-classic/-/mkdirp-classic-0.5.3.tgz 0ms (cache hit)
41 http cache mimic-response@https://registry.npmjs.org/mimic-response/-/mimic-response-3.1.0.tgz 0ms (cache hit)
42 http cache ini@https://registry.npmjs.org/ini/-/ini-1.3.8.tgz 0ms (cache hit)
43 http cache is-arrayish@https://registry.npmjs.org/is-arrayish/-/is-arrayish-0.3.4.tgz 0ms (cache hit)
44 http cache inherits@https://registry.npmjs.org/inherits/-/inherits-2.0.4.tgz 0ms (cache hit)
45 http cache ieee754@https://registry.npmjs.org/ieee754/-/ieee754-1.2.1.tgz 0ms (cache hit)
46 http cache github-from-package@https://registry.npmjs.org/github-from-package/-/github-from-package-0.0.0.tgz 0ms (cache hit)
47 http cache fs-constants@https://registry.npmjs.org/fs-constants/-/fs-constants-1.0.0.tgz 0ms (cache hit)
48 http cache fast-fifo@https://registry.npmjs.org/fast-fifo/-/fast-fifo-1.3.2.tgz 0ms (cache hit)
49 http cache expand-template@https://registry.npmjs.org/expand-template/-/expand-template-2.0.3.tgz 0ms (cache hit)
50 http cache events-universal@https://registry.npmjs.org/events-universal/-/events-universal-1.0.1.tgz 0ms (cache hit)
51 http cache minimist@https://registry.npmjs.org/minimist/-/minimist-1.2.8.tgz 0ms (cache hit)
52 http cache detect-libc@https://registry.npmjs.org/detect-libc/-/detect-libc-2.1.2.tgz 0ms (cache hit)
53 http cache deep-extend@https://registry.npmjs.org/deep-extend/-/deep-extend-0.6.0.tgz 0ms (cache hit)
54 http cache color-name@https://registry.npmjs.org/color-name/-/color-name-1.1.4.tgz 0ms (cache hit)
55 http cache decompress-response@https://registry.npmjs.org/decompress-response/-/decompress-response-6.0.0.tgz 0ms (cache hit)
56 http cache color-string@https://registry.npmjs.org/color-string/-/color-string-1.9.1.tgz 0ms (cache hit)
57 http cache color@https://registry.npmjs.org/color/-/color-4.2.3.tgz 0ms (cache hit)
58 http cache chownr@https://registry.npmjs.org/chownr/-/chownr-1.1.4.tgz 0ms (cache hit)
59 http cache color-convert@https://registry.npmjs.org/color-convert/-/color-convert-2.0.1.tgz 0ms (cache hit)
60 http cache buffer@https://registry.npmjs.org/buffer/-/buffer-5.7.1.tgz 0ms (cache hit)
61 http cache bl@https://registry.npmjs.org/bl/-/bl-4.1.0.tgz 13ms (cache hit)
62 http cache bare-url@https://registry.npmjs.org/bare-url/-/bare-url-2.3.2.tgz 0ms (cache hit)
63 http cache base64-js@https://registry.npmjs.org/base64-js/-/base64-js-1.5.1.tgz 0ms (cache hit)
64 http cache bare-path@https://registry.npmjs.org/bare-path/-/bare-path-3.0.0.tgz 0ms (cache hit)
65 http cache bare-fs@https://registry.npmjs.org/bare-fs/-/bare-fs-4.5.1.tgz 0ms (cache hit)
66 http cache bare-stream@https://registry.npmjs.org/bare-stream/-/bare-stream-2.7.0.tgz 0ms (cache hit)
67 http cache bare-os@https://registry.npmjs.org/bare-os/-/bare-os-3.6.2.tgz 0ms (cache hit)
68 http cache bare-events@https://registry.npmjs.org/bare-events/-/bare-events-2.8.2.tgz 0ms (cache hit)
69 http cache tar-stream@https://registry.npmjs.org/tar-stream/-/tar-stream-2.2.0.tgz 0ms (cache hit)
70 http cache end-of-stream@https://registry.npmjs.org/end-of-stream/-/end-of-stream-1.4.5.tgz 0ms (cache hit)
71 http cache b4a@https://registry.npmjs.org/b4a/-/b4a-1.7.3.tgz 0ms (cache hit)
72 http cache tar-fs@https://registry.npmjs.org/tar-fs/-/tar-fs-2.1.4.tgz 0ms (cache hit)
73 http fetch POST 200 https://registry.npmjs.org/-/npm/v1/security/advisories/bulk 817ms
74 silly audit report {}
75 info run sharp@0.32.6 install node_modules/sharp (node install/libvips && node install/dll-copy && prebuild-install) || (node install/can-compile && node-gyp rebuild && node install/dll-copy)
76 info run sharp@0.32.6 install { code: 0, signal: null }
77 silly ADD node_modules/wrappy
78 silly ADD node_modules/util-deprecate
79 silly ADD node_modules/tunnel-agent
80 silly ADD node_modules/text-decoder
81 silly ADD node_modules/tar-stream
82 silly ADD node_modules/tar-fs
83 silly ADD node_modules/strip-json-comments
84 silly ADD node_modules/string_decoder
85 silly ADD node_modules/streamx
86 silly ADD node_modules/simple-swizzle
87 silly ADD node_modules/simple-get
88 silly ADD node_modules/simple-concat
89 silly ADD node_modules/sharp
90 silly ADD node_modules/semver
91 silly ADD node_modules/safe-buffer
92 silly ADD node_modules/readable-stream
93 silly ADD node_modules/rc
94 silly ADD node_modules/pump
95 silly ADD node_modules/prettier
96 silly ADD node_modules/prebuild-install
97 silly ADD node_modules/prebuild-install/node_modules/tar-stream
98 silly ADD node_modules/prebuild-install/node_modules/tar-fs
99 silly ADD node_modules/once
100 silly ADD node_modules/node-addon-api
101 silly ADD node_modules/node-abi
102 silly ADD node_modules/napi-build-utils
103 silly ADD node_modules/mkdirp-classic
104 silly ADD node_modules/minimist
105 silly ADD node_modules/mimic-response
106 silly ADD node_modules/is-arrayish
107 silly ADD node_modules/ini
108 silly ADD node_modules/inherits
109 silly ADD node_modules/ieee754
110 silly ADD node_modules/github-from-package
111 silly ADD node_modules/fs-constants
112 silly ADD node_modules/fast-fifo
113 silly ADD node_modules/expand-template
114 silly ADD node_modules/events-universal
115 silly ADD node_modules/end-of-stream
116 silly ADD node_modules/detect-libc
117 silly ADD node_modules/deep-extend
118 silly ADD node_modules/decompress-response
119 silly ADD node_modules/color-string
120 silly ADD node_modules/color-name
121 silly ADD node_modules/color-convert
122 silly ADD node_modules/color
123 silly ADD node_modules/chownr
124 silly ADD node_modules/buffer
125 silly ADD node_modules/bl
126 silly ADD node_modules/base64-js
127 silly ADD node_modules/bare-url
128 silly ADD node_modules/bare-stream
129 silly ADD node_modules/bare-path
130 silly ADD node_modules/bare-os
131 silly ADD node_modules/bare-fs
132 silly ADD node_modules/bare-events
133 silly ADD node_modules/b4a
134 verbose cwd /Users/quentingeczy/Desktop/Silverstone-AI-Site/silverstone-site
135 verbose os Darwin 22.6.0
136 verbose node v24.7.0
137 verbose npm  v11.6.4
138 verbose exit 0
139 info ok
